To honour the JVM settings for this build a single-use Daemon process will be forked. For more on this, please refer to https://docs.gradle.org/9.4.0/userguide/gradle_daemon.html#sec:disabling_the_daemon in the Gradle documentation.
Daemon will be stopped at the end of the build 
> Task :compileJava
> Task :processResources
> Task :classes
> Task :resolveMainClassName

> Task :bootRun

  .   ____          _            __ _ _
 /\\ / ___'_ __ _ _(_)_ __  __ _ \ \ \ \
( ( )\___ | '_ | '_| | '_ \/ _` | \ \ \ \
 \\/  ___)| |_)| | | | | || (_| |  ) ) ) )
  '  |____| .__|_| |_|_| |_\__, | / / / /
 =========|_|==============|___/=/_/_/_/

[32m :: Spring Boot :: [39m              [2m (v3.4.4)[0;39m

[2m2026-07-14T04:34:46.644+05:30[0;39m [32m INFO[0;39m [35m42937[0;39m [2m--- [oop] [           main] [0;39m[36moop.cp.oop.OopApplication               [0;39m [2m:[0;39m Starting OopApplication using Java 23.0.1 with PID 42937 (/Users/homfolderofpranav/Desktop/oop-cp/oop/build/classes/java/main started by homfolderofpranav in /Users/homfolderofpranav/Desktop/oop-cp/oop)
[2m2026-07-14T04:34:46.646+05:30[0;39m [32m INFO[0;39m [35m42937[0;39m [2m--- [oop] [           main] [0;39m[36moop.cp.oop.OopApplication               [0;39m [2m:[0;39m No active profile set, falling back to 1 default profile: "default"
[2m2026-07-14T04:34:47.261+05:30[0;39m [32m INFO[0;39m [35m42937[0;39m [2m--- [oop] [           main] [0;39m[36m.s.d.r.c.RepositoryConfigurationDelegate[0;39m [2m:[0;39m Bootstrapping Spring Data JPA repositories in DEFAULT mode.
[2m2026-07-14T04:34:47.330+05:30[0;39m [32m INFO[0;39m [35m42937[0;39m [2m--- [oop] [           main] [0;39m[36m.s.d.r.c.RepositoryConfigurationDelegate[0;39m [2m:[0;39m Finished Spring Data repository scanning in 61 ms. Found 13 JPA repository interfaces.
[2m2026-07-14T04:34:48.099+05:30[0;39m [32m INFO[0;39m [35m42937[0;39m [2m--- [oop] [           main] [0;39m[36mo.s.b.w.embedded.tomcat.TomcatWebServer [0;39m [2m:[0;39m Tomcat initialized with port 8081 (http)
[2m2026-07-14T04:34:48.111+05:30[0;39m [32m INFO[0;39m [35m42937[0;39m [2m--- [oop] [           main] [0;39m[36mo.apache.catalina.core.StandardService  [0;39m [2m:[0;39m Starting service [Tomcat]
[2m2026-07-14T04:34:48.111+05:30[0;39m [32m INFO[0;39m [35m42937[0;39m [2m--- [oop] [           main] [0;39m[36mo.apache.catalina.core.StandardEngine   [0;39m [2m:[0;39m Starting Servlet engine: [Apache Tomcat/10.1.39]
[2m2026-07-14T04:34:48.145+05:30[0;39m [32m INFO[0;39m [35m42937[0;39m [2m--- [oop] [           main] [0;39m[36mo.a.c.c.C.[Tomcat].[localhost].[/]      [0;39m [2m:[0;39m Initializing Spring embedded WebApplicationContext
[2m2026-07-14T04:34:48.146+05:30[0;39m [32m INFO[0;39m [35m42937[0;39m [2m--- [oop] [           main] [0;39m[36mw.s.c.ServletWebServerApplicationContext[0;39m [2m:[0;39m Root WebApplicationContext: initialization completed in 1456 ms
[2m2026-07-14T04:34:48.264+05:30[0;39m [32m INFO[0;39m [35m42937[0;39m [2m--- [oop] [           main] [0;39m[36mo.hibernate.jpa.internal.util.LogHelper [0;39m [2m:[0;39m HHH000204: Processing PersistenceUnitInfo [name: default]
[2m2026-07-14T04:34:48.300+05:30[0;39m [32m INFO[0;39m [35m42937[0;39m [2m--- [oop] [           main] [0;39m[36morg.hibernate.Version                   [0;39m [2m:[0;39m HHH000412: Hibernate ORM core version 6.6.11.Final
[2m2026-07-14T04:34:48.323+05:30[0;39m [32m INFO[0;39m [35m42937[0;39m [2m--- [oop] [           main] [0;39m[36mo.h.c.internal.RegionFactoryInitiator   [0;39m [2m:[0;39m HHH000026: Second-level cache disabled
[2m2026-07-14T04:34:48.523+05:30[0;39m [32m INFO[0;39m [35m42937[0;39m [2m--- [oop] [           main] [0;39m[36mo.s.o.j.p.SpringPersistenceUnitInfo     [0;39m [2m:[0;39m No LoadTimeWeaver setup: ignoring JPA class transformer
[2m2026-07-14T04:34:48.548+05:30[0;39m [32m INFO[0;39m [35m42937[0;39m [2m--- [oop] [           main] [0;39m[36mcom.zaxxer.hikari.HikariDataSource      [0;39m [2m:[0;39m HikariPool-1 - Starting...
[2m2026-07-14T04:34:48.732+05:30[0;39m [32m INFO[0;39m [35m42937[0;39m [2m--- [oop] [           main] [0;39m[36mcom.zaxxer.hikari.pool.HikariPool       [0;39m [2m:[0;39m HikariPool-1 - Added connection com.mysql.cj.jdbc.ConnectionImpl@bd273b2
[2m2026-07-14T04:34:48.734+05:30[0;39m [32m INFO[0;39m [35m42937[0;39m [2m--- [oop] [           main] [0;39m[36mcom.zaxxer.hikari.HikariDataSource      [0;39m [2m:[0;39m HikariPool-1 - Start completed.
[2m2026-07-14T04:34:48.816+05:30[0;39m [32m INFO[0;39m [35m42937[0;39m [2m--- [oop] [           main] [0;39m[36morg.hibernate.orm.connections.pooling   [0;39m [2m:[0;39m HHH10001005: Database info:
	Database JDBC URL [Connecting through datasource 'HikariDataSource (HikariPool-1)']
	Database driver: undefined/unknown
	Database version: 9.6
	Autocommit mode: undefined/unknown
	Isolation level: undefined/unknown
	Minimum pool size: undefined/unknown
	Maximum pool size: undefined/unknown
[2m2026-07-14T04:34:49.703+05:30[0;39m [32m INFO[0;39m [35m42937[0;39m [2m--- [oop] [           main] [0;39m[36mo.h.e.t.j.p.i.JtaPlatformInitiator      [0;39m [2m:[0;39m HHH000489: No JTA platform available (set 'hibernate.transaction.jta.platform' to enable JTA platform integration)
[2m2026-07-14T04:34:50.105+05:30[0;39m [32m INFO[0;39m [35m42937[0;39m [2m--- [oop] [           main] [0;39m[36mj.LocalContainerEntityManagerFactoryBean[0;39m [2m:[0;39m Initialized JPA EntityManagerFactory for persistence unit 'default'
[2m2026-07-14T04:34:51.436+05:30[0;39m [32m INFO[0;39m [35m42937[0;39m [2m--- [oop] [           main] [0;39m[36mo.s.b.w.embedded.tomcat.TomcatWebServer [0;39m [2m:[0;39m Tomcat started on port 8081 (http) with context path '/'
[2m2026-07-14T04:34:51.448+05:30[0;39m [32m INFO[0;39m [35m42937[0;39m [2m--- [oop] [           main] [0;39m[36moop.cp.oop.OopApplication               [0;39m [2m:[0;39m Started OopApplication in 5.194 seconds (process running for 5.538)
[2m2026-07-14T04:37:17.603+05:30[0;39m [32m INFO[0;39m [35m42937[0;39m [2m--- [oop] [nio-8081-exec-1] [0;39m[36mo.a.c.c.C.[Tomcat].[localhost].[/]      [0;39m [2m:[0;39m Initializing Spring DispatcherServlet 'dispatcherServlet'
[2m2026-07-14T04:37:17.608+05:30[0;39m [32m INFO[0;39m [35m42937[0;39m [2m--- [oop] [nio-8081-exec-1] [0;39m[36mo.s.web.servlet.DispatcherServlet       [0;39m [2m:[0;39m Initializing Servlet 'dispatcherServlet'
[2m2026-07-14T04:37:17.612+05:30[0;39m [32m INFO[0;39m [35m42937[0;39m [2m--- [oop] [nio-8081-exec-1] [0;39m[36mo.s.web.servlet.DispatcherServlet       [0;39m [2m:[0;39m Completed initialization in 4 ms
com.jcraft.jsch.JSchException: Auth fail for methods 'publickey,password,keyboard-interactive'
	at com.jcraft.jsch.Session.connect(Session.java:520)
	at oop.cp.oop.ssh.SshSessionBridge.<init>(SshSessionBridge.java:29)
	at oop.cp.oop.ssh.SshBridgeWebSocketHandler.connectSsh(SshBridgeWebSocketHandler.java:72)
	at oop.cp.oop.ssh.SshBridgeWebSocketHandler.handleTextMessage(SshBridgeWebSocketHandler.java:36)
	at org.springframework.web.socket.handler.AbstractWebSocketHandler.handleMessage(AbstractWebSocketHandler.java:43)
	at org.springframework.web.socket.handler.WebSocketHandlerDecorator.handleMessage(WebSocketHandlerDecorator.java:75)
	at org.springframework.web.socket.handler.LoggingWebSocketHandlerDecorator.handleMessage(LoggingWebSocketHandlerDecorator.java:56)
	at org.springframework.web.socket.handler.ExceptionWebSocketHandlerDecorator.handleMessage(ExceptionWebSocketHandlerDecorator.java:58)
	at org.springframework.web.socket.adapter.standard.StandardWebSocketHandlerAdapter.handleTextMessage(StandardWebSocketHandlerAdapter.java:113)
	at org.springframework.web.socket.adapter.standard.StandardWebSocketHandlerAdapter$3.onMessage(StandardWebSocketHandlerAdapter.java:84)
	at org.springframework.web.socket.adapter.standard.StandardWebSocketHandlerAdapter$3.onMessage(StandardWebSocketHandlerAdapter.java:81)
	at org.apache.tomcat.websocket.WsFrameBase.sendMessageText(WsFrameBase.java:390)
	at org.apache.tomcat.websocket.server.WsFrameServer.sendMessageText(WsFrameServer.java:130)
	at org.apache.tomcat.websocket.WsFrameBase.processDataText(WsFrameBase.java:484)
	at org.apache.tomcat.websocket.WsFrameBase.processData(WsFrameBase.java:284)
	at org.apache.tomcat.websocket.WsFrameBase.processInputBuffer(WsFrameBase.java:130)
	at org.apache.tomcat.websocket.server.WsFrameServer.onDataAvailable(WsFrameServer.java:85)
	at org.apache.tomcat.websocket.server.WsFrameServer.doOnDataAvailable(WsFrameServer.java:184)
	at org.apache.tomcat.websocket.server.WsFrameServer.notifyDataAvailable(WsFrameServer.java:164)
	at org.apache.tomcat.websocket.server.WsHttpUpgradeHandler.upgradeDispatch(WsHttpUpgradeHandler.java:152)
	at org.apache.coyote.http11.upgrade.UpgradeProcessorInternal.dispatch(UpgradeProcessorInternal.java:60)
	at org.apache.coyote.AbstractProcessorLight.process(AbstractProcessorLight.java:57)
	at org.apache.coyote.AbstractProtocol$ConnectionHandler.process(AbstractProtocol.java:905)
	at org.apache.tomcat.util.net.NioEndpoint$SocketProcessor.doRun(NioEndpoint.java:1743)
	at org.apache.tomcat.util.net.SocketProcessorBase.run(SocketProcessorBase.java:52)
	at org.apache.tomcat.util.threads.ThreadPoolExecutor.runWorker(ThreadPoolExecutor.java:1190)
	at org.apache.tomcat.util.threads.ThreadPoolExecutor$Worker.run(ThreadPoolExecutor.java:659)
	at org.apache.tomcat.util.threads.TaskThread$WrappingRunnable.run(TaskThread.java:63)
	at java.base/java.lang.Thread.run(Thread.java:1575)
[2m2026-07-14T05:00:13.947+05:30[0;39m [33m WARN[0;39m [35m42937[0;39m [2m--- [oop] [l-1 housekeeper] [0;39m[36mcom.zaxxer.hikari.pool.HikariPool       [0;39m [2m:[0;39m HikariPool-1 - Thread starvation or clock leap detected (housekeeper delta=4m24s948ms).
[2m2026-07-14T05:06:13.756+05:30[0;39m [33m WARN[0;39m [35m42937[0;39m [2m--- [oop] [l-1 housekeeper] [0;39m[36mcom.zaxxer.hikari.pool.HikariPool       [0;39m [2m:[0;39m HikariPool-1 - Thread starvation or clock leap detected (housekeeper delta=5m29s802ms).
[2m2026-07-14T05:09:53.726+05:30[0;39m [33m WARN[0;39m [35m42937[0;39m [2m--- [oop] [l-1 housekeeper] [0;39m[36mcom.zaxxer.hikari.pool.HikariPool       [0;39m [2m:[0;39m HikariPool-1 - Thread starvation or clock leap detected (housekeeper delta=3m39s970ms).
[2m2026-07-14T05:13:29.064+05:30[0;39m [33m WARN[0;39m [35m42937[0;39m [2m--- [oop] [l-1 housekeeper] [0;39m[36mcom.zaxxer.hikari.pool.HikariPool       [0;39m [2m:[0;39m HikariPool-1 - Thread starvation or clock leap detected (housekeeper delta=3m5s335ms).
